// Jest Snapshot v1, https://goo.gl/fbAQLP

exports[`User Details Screen Should render User Details Screen  1`] = `
<RNCSafeAreaView
  style={
    Object {
      "alignItems": "center",
      "backgroundColor": "gray",
      "flex": 1,
      "justifyContent": "center",
      "paddingBottom": 50,
      "paddingHorizontal": 20,
    }
  }
>
  <Text
    style={
      Object {
        "fontSize": 28,
        "fontWeight": "bold",
        "marginBottom": 40,
      }
    }
  >
    User Name
  </Text>
  <TextInput
    allowFontScaling={true}
    onChangeText={[Function]}
    placeholder="Enter user name"
    rejectResponderTermination={true}
    returnKeyType="done"
    style={
      Object {
        "backgroundColor": "#fff",
        "borderColor": "#C7F5F3",
        "borderRadius": 5,
        "borderWidth": 0,
        "height": 50,
        "marginBottom": 10,
        "paddingLeft": 20,
        "width": "100%",
      }
    }
    testID="input-field"
    underlineColorAndroid="transparent"
  />
  <View
    accessible={true}
    focusable={true}
    onClick={[Function]}
    onResponderGrant={[Function]}
    onResponderMove={[Function]}
    onResponderRelease={[Function]}
    onResponderTerminate={[Function]}
    onResponderTerminationRequest={[Function]}
    onStartShouldSetResponder={[Function]}
    style={
      Object {
        "alignItems": "center",
        "backgroundColor": "#0ED814",
        "borderRadius": 8,
        "marginBottom": 20,
        "opacity": 1,
        "padding": 6,
        "width": "100%",
      }
    }
    testID="button"
  >
    <Text
      style={
        Object {
          "borderRadius": 10,
          "color": "#fff",
          "fontWeight": "bold",
          "paddingHorizontal": 20,
          "paddingVertical": 10,
        }
      }
    >
      Next
    </Text>
  </View>
</RNCSafeAreaView>
`;
